// Jest Snapshot v1, https://goo.gl/fbAQLP

exports[`Recharge renders a recharge button 1`] = `
<div>
  <div
    class="flex flex-col items-center justify-center py-20 gap-6"
  >
    <img
      alt="empty"
      class="w-40 opacity-80"
      data-nimg="1"
      decoding="async"
      height="512"
      loading="lazy"
      src="/_next/image?url=https%3A%2F%2Fi.goopics.net%2Fs7t0br.png&w=1080&q=75"
      srcset="/_next/image?url=https%3A%2F%2Fi.goopics.net%2Fs7t0br.png&w=640&q=75 1x, /_next/image?url=https%3A%2F%2Fi.goopics.net%2Fs7t0br.png&w=1080&q=75 2x"
      style="color: transparent;"
      width="512"
    />
    <span
      class="text-xs text-gray-600"
    >
      Aucun objectif n'a été défini, le premier paiement n'est pas possible...
    </span>
  </div>
</div>
`;
