// Jest Snapshot v1, https://goo.gl/fbAQLP

exports[`Stepper/Step renders identity: identity step 1`] = `
<div>
  <div
    class="flex flex-col justify-start md:w-2/3 w-full gap-4"
  >
    <div
      class="mt-6"
    >
      <div
        class="w-full bg-gray-100 py-4 px-6 border-2 border-dashed border-gray-700 rounded-lg cursor-pointer hover:shadow-md hover:bg-gray-200 flex justify-between"
      >
        <div
          class="flex gap-5 items-center"
        >
          <svg
            fill="none"
            height="26"
            stroke="currentColor"
            stroke-linecap="round"
            stroke-linejoin="round"
            stroke-width="2"
            viewBox="0 0 24 24"
            width="26"
            xmlns="http://www.w3.org/2000/svg"
          >
            <path
              d="M16 21v-2a4 4 0 0 0-4-4H5a4 4 0 0 0-4 4v2"
            />
            <circle
              cx="8.5"
              cy="7"
              r="4"
            />
            <line
              x1="20"
              x2="20"
              y1="8"
              y2="14"
            />
            <line
              x1="23"
              x2="17"
              y1="11"
              y2="11"
            />
          </svg>
          <h4
            class="font-semibold md:text-lg text-sm"
          >
            Ajouter un bénéficiaire
          </h4>
        </div>
        <svg
          fill="none"
          height="26"
          stroke="currentColor"
          stroke-linecap="round"
          stroke-linejoin="round"
          stroke-width="2"
          viewBox="0 0 24 24"
          width="26"
          xmlns="http://www.w3.org/2000/svg"
        >
          <polyline
            points="9 18 15 12 9 6"
          />
        </svg>
      </div>
    </div>
  </div>
</div>
`;

exports[`Stepper/Step renders send: send step 1`] = `
<div>
  <div
    class="flex flex-col gap-6 items-center h-screen w-full overflow-hidden"
  >
    <svg
      aria-hidden="true"
      class="text-red-600"
      fill="currentColor"
      height="100"
      stroke="currentColor"
      stroke-width="0"
      viewBox="0 0 20 20"
      width="100"
      xmlns="http://www.w3.org/2000/svg"
    >
      <path
        clip-rule="evenodd"
        d="M8.257 3.099c.765-1.36 2.722-1.36 3.486 0l5.58 9.92c.75 1.334-.213 2.98-1.742 2.98H4.42c-1.53 0-2.493-1.646-1.743-2.98l5.58-9.92zM11 13a1 1 0 11-2 0 1 1 0 012 0zm-1-8a1 1 0 00-1 1v3a1 1 0 002 0V6a1 1 0 00-1-1z"
        fill-rule="evenodd"
      />
    </svg>
    <span>
      Error Voucher !
    </span>
  </div>
</div>
`;
