// Jest Snapshot v1, https://goo.gl/fbAQLP

exports[`KYC should render the component 1`] = `
<div>
  <div
    class="flex flex-col gap-6 justify-center items-center"
  >
    <div
      class="flex flex-col gap-2 items-center justify-center"
    >
      <div
        aria-label="loading"
        class="animate-spin inline-block w-4 h-4 border-[2px] border-current border-t-transparent text-primary rounded-full"
        role="status"
      >
        <span
          class="sr-only"
        >
          Loading...
        </span>
      </div>
      <span
        class="text-sm font-light"
      >
        Avant de continuer, nous devons vérifier votre identité...
      </span>
    </div>
  </div>
</div>
`;
