// Jest Snapshot v1, https://goo.gl/fbAQLP

exports[`Drawer should render the component 1`] = `
<div>
  <div
    class=" drawer-end fixed z-50 hidden"
  >
    <input
      class="drawer-toggle"
      id="my-drawer-4"
      type="checkbox"
    />
    <div
      class="drawer-content"
    />
    <div
      class="drawer-side"
    >
      <label
        class="drawer-overlay"
        for="my-drawer-4"
      />
      <div
        class="flex flex-col py-8 px-5 md:w-72 w-full bg-white flex-shrink-0"
      >
        <label
          class="md:hidden block"
          for="my-drawer-4"
        >
          <svg
            fill="currentColor"
            height="23"
            stroke="currentColor"
            stroke-width="0"
            viewBox="0 0 24 24"
            width="23"
            xmlns="http://www.w3.org/2000/svg"
          >
            <path
              d="m16.192 6.344-4.243 4.242-4.242-4.242-1.414 1.414L10.535 12l-4.242 4.242 1.414 1.414 4.242-4.242 4.243 4.242 1.414-1.414L13.364 12l4.242-4.242z"
            />
          </svg>
        </label>
        <div
          class="flex flex-row items-center justify-center h-12 w-full"
        >
          <div
            class="flex items-center justify-center rounded-2xl text-indigo-700 bg-indigo-100 h-10 w-10"
          >
            <svg
              class="w-6 h-6"
              fill="none"
              stroke="currentColor"
              viewBox="0 0 24 24"
              xmlns="http://www.w3.org/2000/svg"
            >
              <path
                d="M8 10h.01M12 10h.01M16 10h.01M9 16H5a2 2 0 01-2-2V6a2 2 0 012-2h14a2 2 0 012 2v8a2 2 0 01-2 2h-5l-5 5v-5z"
                stroke-linecap="round"
                stroke-linejoin="round"
                stroke-width="2"
              />
            </svg>
          </div>
          <div
            class="ml-2 font-bold text-2xl"
          >
            QuickChat
          </div>
        </div>
        <div
          class="flex flex-col items-center bg-indigo-100 border border-gray-200 mt-4 w-full py-6 px-4 rounded-lg"
        >
          <div
            class="h-20 w-20 rounded-full border overflow-hidden"
          >
            <img
              alt="Avatar"
              class="h-full w-full"
              data-nimg="1"
              decoding="async"
              height="40"
              loading="lazy"
              src="/_next/image?url=%2Fimages%2Fhomme.png&w=96&q=75"
              srcset="/_next/image?url=%2Fimages%2Fhomme.png&w=48&q=75 1x, /_next/image?url=%2Fimages%2Fhomme.png&w=96&q=75 2x"
              style="color: transparent;"
              width="40"
            />
          </div>
          <div
            class="text-sm font-semibold mt-2"
          >
            Peter NDENGO
          </div>
          <div
            class="text-xs text-gray-500"
          >
            frdrcpeter@gmail.com
          </div>
          <div
            class="flex flex-row items-center mt-3"
          >
            <div
              class="flex flex-col justify-center h-4 w-8 bg-indigo-500 rounded-full"
            >
              <div
                class="h-3 w-3 bg-white rounded-full self-end mr-1"
              />
            </div>
            <div
              class="leading-none ml-1 text-xs"
            >
              Active
            </div>
          </div>
        </div>
        <div
          class="flex flex-col mt-8"
        >
          <div
            class="flex flex-row items-center justify-between text-xs"
          >
            <span
              class="font-bold"
            >
              Active Conversations
            </span>
            <span
              class="flex items-center justify-center bg-gray-300 h-4 w-4 rounded-full"
            >
              4
            </span>
          </div>
          <div
            class="flex flex-col space-y-1 mt-4 -mx-2 h-48 overflow-y-auto"
          >
            <button
              class="flex flex-row items-center hover:bg-gray-100 rounded-xl p-2"
            >
              <div
                class="flex items-center justify-center h-8 w-8 bg-gray-200 rounded-full"
              >
                <img
                  alt=""
                  class="rounded-full"
                  data-nimg="1"
                  decoding="async"
                  height="20"
                  loading="lazy"
                  src="/_next/image?url=https%3A%2F%2Fui-avatars.com%2Fapi%2F%3Fuppercase%3Dtrue%26background%3Drandom%26name%3DBienvenu%20Z.%26bold%3Dfalse%26color%3DFFF&w=48&q=75"
                  srcset="/_next/image?url=https%3A%2F%2Fui-avatars.com%2Fapi%2F%3Fuppercase%3Dtrue%26background%3Drandom%26name%3DBienvenu%20Z.%26bold%3Dfalse%26color%3DFFF&w=32&q=75 1x, /_next/image?url=https%3A%2F%2Fui-avatars.com%2Fapi%2F%3Fuppercase%3Dtrue%26background%3Drandom%26name%3DBienvenu%20Z.%26bold%3Dfalse%26color%3DFFF&w=48&q=75 2x"
                  style="color: transparent;"
                  width="20"
                />
              </div>
              <div
                class="ml-2 text-sm font-semibold"
              >
                Bienvenu Z.
              </div>
              <div
                class="flex items-center justify-center ml-auto text-xs text-white bg-red-500 h-4 w-4 rounded leading-none"
              >
                2
              </div>
            </button>
            <button
              class="flex flex-row items-center hover:bg-gray-100 rounded-xl p-2"
            >
              <div
                class="flex items-center justify-center h-8 w-8 bg-gray-200 rounded-full"
              >
                <img
                  alt=""
                  class="rounded-full"
                  data-nimg="1"
                  decoding="async"
                  height="20"
                  loading="lazy"
                  src="/_next/image?url=https%3A%2F%2Fui-avatars.com%2Fapi%2F%3Fuppercase%3Dtrue%26background%3Drandom%26name%3DBrice%20A.%26bold%3Dfalse%26color%3DFFF&w=48&q=75"
                  srcset="/_next/image?url=https%3A%2F%2Fui-avatars.com%2Fapi%2F%3Fuppercase%3Dtrue%26background%3Drandom%26name%3DBrice%20A.%26bold%3Dfalse%26color%3DFFF&w=32&q=75 1x, /_next/image?url=https%3A%2F%2Fui-avatars.com%2Fapi%2F%3Fuppercase%3Dtrue%26background%3Drandom%26name%3DBrice%20A.%26bold%3Dfalse%26color%3DFFF&w=48&q=75 2x"
                  style="color: transparent;"
                  width="20"
                />
              </div>
              <div
                class="ml-2 text-sm font-semibold"
              >
                Brice A.
              </div>
            </button>
            <button
              class="flex flex-row items-center hover:bg-gray-100 rounded-xl p-2"
            >
              <div
                class="flex items-center justify-center h-8 w-8 bg-gray-200 rounded-full"
              >
                <img
                  alt=""
                  class="rounded-full"
                  data-nimg="1"
                  decoding="async"
                  height="20"
                  loading="lazy"
                  src="/_next/image?url=https%3A%2F%2Fui-avatars.com%2Fapi%2F%3Fuppercase%3Dtrue%26background%3Drandom%26name%3DFred%20Muyco%26bold%3Dfalse%26color%3DFFF&w=48&q=75"
                  srcset="/_next/image?url=https%3A%2F%2Fui-avatars.com%2Fapi%2F%3Fuppercase%3Dtrue%26background%3Drandom%26name%3DFred%20Muyco%26bold%3Dfalse%26color%3DFFF&w=32&q=75 1x, /_next/image?url=https%3A%2F%2Fui-avatars.com%2Fapi%2F%3Fuppercase%3Dtrue%26background%3Drandom%26name%3DFred%20Muyco%26bold%3Dfalse%26color%3DFFF&w=48&q=75 2x"
                  style="color: transparent;"
                  width="20"
                />
              </div>
              <div
                class="ml-2 text-sm font-semibold"
              >
                Fred Muyco
              </div>
            </button>
            <button
              class="flex flex-row items-center hover:bg-gray-100 rounded-xl p-2"
            >
              <div
                class="flex items-center justify-center h-8 w-8 bg-gray-200 rounded-full"
              >
                <img
                  alt=""
                  class="rounded-full"
                  data-nimg="1"
                  decoding="async"
                  height="20"
                  loading="lazy"
                  src="/_next/image?url=https%3A%2F%2Fui-avatars.com%2Fapi%2F%3Fuppercase%3Dtrue%26background%3Drandom%26name%3DAleks%20M%26bold%3Dfalse%26color%3DFFF&w=48&q=75"
                  srcset="/_next/image?url=https%3A%2F%2Fui-avatars.com%2Fapi%2F%3Fuppercase%3Dtrue%26background%3Drandom%26name%3DAleks%20M%26bold%3Dfalse%26color%3DFFF&w=32&q=75 1x, /_next/image?url=https%3A%2F%2Fui-avatars.com%2Fapi%2F%3Fuppercase%3Dtrue%26background%3Drandom%26name%3DAleks%20M%26bold%3Dfalse%26color%3DFFF&w=48&q=75 2x"
                  style="color: transparent;"
                  width="20"
                />
              </div>
              <div
                class="ml-2 text-sm font-semibold"
              >
                Aleks M
              </div>
              <div
                class="flex items-center justify-center ml-auto text-xs text-white bg-red-500 h-4 w-4 rounded leading-none"
              >
                1
              </div>
            </button>
            <button
              class="flex flex-row items-center hover:bg-gray-100 rounded-xl p-2"
            >
              <div
                class="flex items-center justify-center h-8 w-8 bg-gray-200 rounded-full"
              >
                <img
                  alt=""
                  class="rounded-full"
                  data-nimg="1"
                  decoding="async"
                  height="20"
                  loading="lazy"
                  src="/_next/image?url=https%3A%2F%2Fui-avatars.com%2Fapi%2F%3Fuppercase%3Dtrue%26background%3Drandom%26name%3DJohn%20Doe%26bold%3Dfalse%26color%3DFFF&w=48&q=75"
                  srcset="/_next/image?url=https%3A%2F%2Fui-avatars.com%2Fapi%2F%3Fuppercase%3Dtrue%26background%3Drandom%26name%3DJohn%20Doe%26bold%3Dfalse%26color%3DFFF&w=32&q=75 1x, /_next/image?url=https%3A%2F%2Fui-avatars.com%2Fapi%2F%3Fuppercase%3Dtrue%26background%3Drandom%26name%3DJohn%20Doe%26bold%3Dfalse%26color%3DFFF&w=48&q=75 2x"
                  style="color: transparent;"
                  width="20"
                />
              </div>
              <div
                class="ml-2 text-sm font-semibold"
              >
                John Doe
              </div>
              <div
                class="flex items-center justify-center ml-auto text-xs text-white bg-red-500 h-4 w-4 rounded leading-none"
              >
                1
              </div>
            </button>
          </div>
          <div
            class="flex flex-row items-center justify-between text-xs mt-6"
          >
            <span
              class="font-bold"
            >
              Archivied
            </span>
            <span
              class="flex items-center justify-center bg-gray-300 h-4 w-4 rounded-full"
            >
              7
            </span>
          </div>
          <div
            class="flex flex-col space-y-1 mt-4 -mx-2"
          >
            <button
              class="flex flex-row items-center hover:bg-gray-100 rounded-xl p-2"
            >
              <div
                class="flex items-center justify-center h-8 w-8 bg-gray-200 rounded-full"
              >
                <img
                  alt=""
                  class="rounded-full"
                  data-nimg="1"
                  decoding="async"
                  height="20"
                  loading="lazy"
                  src="/_next/image?url=https%3A%2F%2Fui-avatars.com%2Fapi%2F%3Fuppercase%3Dtrue%26background%3Drandom%26name%3DJane%20Doe%26bold%3Dfalse%26color%3DFFF&w=48&q=75"
                  srcset="/_next/image?url=https%3A%2F%2Fui-avatars.com%2Fapi%2F%3Fuppercase%3Dtrue%26background%3Drandom%26name%3DJane%20Doe%26bold%3Dfalse%26color%3DFFF&w=32&q=75 1x, /_next/image?url=https%3A%2F%2Fui-avatars.com%2Fapi%2F%3Fuppercase%3Dtrue%26background%3Drandom%26name%3DJane%20Doe%26bold%3Dfalse%26color%3DFFF&w=48&q=75 2x"
                  style="color: transparent;"
                  width="20"
                />
              </div>
              <div
                class="ml-2 text-sm font-semibold"
              >
                Jane Doe
              </div>
              <div
                class="flex items-center justify-center ml-auto text-xs text-white bg-red-500 h-4 w-4 rounded leading-none"
              >
                7
              </div>
            </button>
          </div>
        </div>
      </div>
    </div>
  </div>
</div>
`;
