// Jest Snapshot v1, https://goo.gl/fbAQLP

exports[`Download button should render the component 1`] = `
<div>
  <button
    aria-label="Install app"
    class="link-button bg-gray-800 py-2.5 text-md font-medium uppercase text-center text-white rounded-lg"
    id="setup_button"
    title="Install app"
  >
    Install WiiQare App
  </button>
</div>
`;
