// Jest Snapshot v1, https://goo.gl/fbAQLP

exports[`Saving should render Saving component 1`] = `
<div>
  <div
    class="order-2 md:order-1 bg-white p-5 md:p-10 flex flex-col justify-center items-center rounded-lg shadow-sm hover:shadow-md duration-200 transition-all cursor-pointer gap-4"
  >
    <div
      class="p-3 rounded-md border border-blue-200 w-fit"
    >
      <img
        alt="Myself"
        class="w-20"
      />
    </div>
    <div
      class="flex flex-col justify-center items-center"
    >
      <h3
        class="uppercase text-xs md:text-sm font-bold"
      />
      <svg
        aria-hidden="true"
        fill="currentColor"
        height="25"
        stroke="currentColor"
        stroke-width="0"
        viewBox="0 0 24 24"
        width="25"
        xmlns="http://www.w3.org/2000/svg"
      >
        <path
          clip-rule="evenodd"
          d="M16.72 7.72a.75.75 0 011.06 0l3.75 3.75a.75.75 0 010 1.06l-3.75 3.75a.75.75 0 11-1.06-1.06l2.47-2.47H3a.75.75 0 010-1.5h16.19l-2.47-2.47a.75.75 0 010-1.06z"
          fill-rule="evenodd"
        />
      </svg>
    </div>
  </div>
</div>
`;
