// Jest Snapshot v1, https://goo.gl/fbAQLP

exports[`Saving should render 1`] = `
<div>
  <div
    class="p-2 space-y-6 md:py-8 md:px-6"
  >
    <div
      class="border w-full rounded-lg py-8 px-6 flex flex-col flex-wrap md:flex-row justify-between items-center gap-4 bg-white cursor-pointer"
    >
      <div
        class="flex flex-col"
      >
        <h1
          class="md:text-2xl text-gray-700 font-bold flex-wrap flex items-center gap-2 text-lg"
        >
          Détails Épargne
        </h1>
        <ul
          class="flex gap-2"
        >
          <li>
            <span
              class="flex gap-2 font-semibold text-sky"
            >
              Épargne
              <span>
                /
              </span>
            </span>
          </li>
          <li>
            <span
              class="flex gap-2 font-light text-gray-500"
            >
              #TEST
            </span>
          </li>
        </ul>
      </div>
      <div
        class="flex flex-row flex-wrap  gap-2 center justify-end space-x-2"
      >
        <div
          class="flex flex-row-reverse gap-4"
        >
          <a
            class="flex items-center gap-2 justify-between rounded-lg bg-orange py-3 text-white px-3 effect-up shadow h-fit"
            href="/saving/operation/test-slug"
          >
            <span
              class="bg-white text-orange p-1 rounded-md"
            >
              <svg
                aria-hidden="true"
                fill="none"
                height="1em"
                stroke="currentColor"
                stroke-width="2"
                viewBox="0 0 24 24"
                width="1em"
                xmlns="http://www.w3.org/2000/svg"
              >
                <path
                  d="M12 4v16m8-8H4"
                  stroke-linecap="round"
                  stroke-linejoin="round"
                />
              </svg>
            </span>
            <span
              class="text-sm font-medium"
            >
              Récharger le compte
            </span>
          </a>
        </div>
      </div>
    </div>
    Chargement...
  </div>
</div>
`;
