// Jest Snapshot v1, https://goo.gl/fbAQLP

exports[`Saving should render 1`] = `
<div>
  <div
    class="flex flex-col gap-3 items-center mt-14"
  >
    <img
      alt="checkmark"
      class="w-36 opacity-90"
      data-nimg="1"
      decoding="async"
      height="80"
      loading="lazy"
      src="/_next/image?url=https%3A%2F%2Fi.goopics.net%2F22c5x7.png&w=256&q=75"
      srcset="/_next/image?url=https%3A%2F%2Fi.goopics.net%2F22c5x7.png&w=96&q=75 1x, /_next/image?url=https%3A%2F%2Fi.goopics.net%2F22c5x7.png&w=256&q=75 2x"
      style="color: transparent;"
      width="80"
    />
    <span
      class="text-sm text-gray-600 "
    >
      Paiement effectué avec succès !
    </span>
  </div>
</div>
`;
