// Jest Snapshot v1, https://goo.gl/fbAQLP

exports[`ProviderFilter renders 1`] = `
<div>
  <div
    class="px-4 space-y-4 pb-24 md:pb-4"
  >
    <h1
      class="md:text-2xl text-gray-700 font-bold flex-wrap flex items-center gap-2 text-lg"
    >
      Les hôpitaux partenaires en
       
      <img
        alt="DRC"
        class="w-6"
        data-nimg="1"
        decoding="async"
        height="24"
        loading="lazy"
        src="/_next/image?url=%2Fimg.jpg&w=48&q=75"
        srcset="/_next/image?url=%2Fimg.jpg&w=32&q=75 1x, /_next/image?url=%2Fimg.jpg&w=48&q=75 2x"
        style="color: transparent;"
        width="24"
      />
       RD Congo
    </h1>
    <div
      class="space-y-6"
    />
  </div>
</div>
`;
